// Jest Snapshot v1, https://goo.gl/fbAQLP

exports[`AppFooter.vue is a Vue instance 1`] = `
"<footer class=\\"site-footer\\">
  <div class=\\"row\\">
    <div class=\\"col-sm-12 col-md-6\\">
      <h6>About Us</h6>
      <p class=\\"text-justify\\">
        Welcome to our online book store, with an extensive selection of books at reasonable prices.
        Here you will find a wealth of fiction and popular non-fiction, hard to find titles, classic texts of thriller and everything in between.
      </p>
    </div>
    <div class=\\"col-xs-6 col-md-3\\">
      <h6>Categories</h6>
      <ul class=\\"footer-links\\">
        <li><a href=\\"/store/fiction\\">Fiction</a></li>
        <li><a href=\\"/store/non-fiction\\">Non-fiction</a></li>
        <li><a href=\\"/store/food\\">Food</a></li>
        <li><a href=\\"/store/thriller\\">Thriller</a></li>
        <li><a href=\\"/store/social\\">Social</a></li>
      </ul>
    </div>
    <div class=\\"col-xs-6 col-md-3\\">
      <h6>Quick Links</h6>
      <ul class=\\"footer-links\\">
        <li><a href=\\"#\\">Contact Us</a></li>
        <li><a href=\\"#\\">Contribute</a></li>
        <li><a href=\\"#\\">Privacy Policy</a></li>
        <li><a href=\\"#\\">Sitemap</a></li>
        <li><a href=\\"#\\">Social</a></li>
      </ul>
    </div>
  </div>
  <div class=\\"row\\">
    <div class=\\"col-md-6 col-sm-6 col-xs-12\\">
      <p class=\\"copyright-text\\">
        Copyright Â© 2020 All Rights Reserved by
        <a href=\\"#\\">Bookland</a>.
      </p>
    </div>
    <div class=\\"col-md-6 col-sm-6 col-xs-12\\">
      <ul class=\\"social-icons\\">
        Connect with Us :
        <li><a href=\\"https://in.linkedin.com/\\" class=\\"linkedin\\"><img src=\\"~assets/icons/icon-linkedin.png\\" alt=\\"Linkedin\\"></a></li>
        <li><a href=\\"https://twitter.com/login?lang=en\\" class=\\"twitter\\"><img src=\\"~assets/icons/icon-twitter.png\\" alt=\\"Twitter\\"></a></li>
        <li><a href=\\"https://www.facebook.com/\\" class=\\"facebook\\"><img src=\\"~assets/icons/icon-facebook.png\\" alt=\\"Facebook\\"></a></li>
        <li><a href=\\"https://in.pinterest.com/\\" class=\\"pinterest\\"><img src=\\"~assets/icons/icon-pinterest.png\\" alt=\\"Pinterest\\"></a></li>
      </ul>
    </div>
  </div>
</footer>"
`;
